#!/usr/bin/env bash
set -euo pipefail

REMOTE_USER="vscode"
PUBKEY="ssh-ed25519 AAAAC3NzaC1lZDI1NTE5AAAAIExampleKeyBytes000000000000 ctrssh"

if ! command -v sshd >/dev/null 2>&1; then
  if command -v apt-get >/dev/null 2>&1; then
    DEBIAN_FRONTEND=noninteractive apt-get update -qq
    DEBIAN_FRONTEND=noninteractive apt-get install -y -qq openssh-server >/dev/null
  elif command -v apk >/dev/null 2>&1; then
    apk add --no-cache openssh-server >/dev/null
  elif command -v yum >/dev/null 2>&1; then
    yum install -y -q openssh-server >/dev/null
  elif command -v dnf >/dev/null 2>&1; then
    dnf install -y -q openssh-server >/dev/null
  else
    echo "no supported package manager found" >&2
    exit 1
  fi
fi

if [ ! -f /etc/ssh/ssh_host_ed25519_key ]; then
  ssh-keygen -A >/dev/null
fi

# /run is tmpfs in most containers; sshd refuses to run without its
# privilege separation directory, so ensure it exists before every
# sshd invocation (prepare validates config, connect runs sshd -i).
mkdir -p /run/sshd
chmod 0755 /run/sshd

HOMEDIR="$(getent passwd "$REMOTE_USER" | cut -d: -f6)"
if [ -z "$HOMEDIR" ]; then
  echo "user $REMOTE_USER does not exist in container" >&2
  exit 1
fi

mkdir -p "$HOMEDIR/.ssh"
chmod 700 "$HOMEDIR/.ssh"
touch "$HOMEDIR/.ssh/authorized_keys"
if ! grep -qxF "$PUBKEY" "$HOMEDIR/.ssh/authorized_keys"; then
  echo "$PUBKEY" >> "$HOMEDIR/.ssh/authorized_keys"
fi
chmod 600 "$HOMEDIR/.ssh/authorized_keys"
chown -R "$REMOTE_USER":"$(id -gn "$REMOTE_USER")" "$HOMEDIR/.ssh"

cat >/etc/ssh/sshd_config_ctrssh <<'CFG'
PubkeyAuthentication yes
PasswordAuthentication no
# UsePAM=yes lets PAM's account chain decide whether to accept the user.
# This matters because many container base images create the remote user
# with no password (shadow entry "user:!:..."), which sshd's own check
# treats as locked and refuses pubkey logins for. PAM's pam_unix is
# lenient about "!" entries when authenticating via pubkey. On builds
# without PAM (e.g. default Alpine openssh-server) this directive is a
# no-op and sshd's own check applies — that path still works for users
# whose shadow entry is empty (the typical Alpine root state).
UsePAM yes
HostKey /etc/ssh/ssh_host_ed25519_key
Subsystem sftp internal-sftp
PermitRootLogin prohibit-password
CFG

/usr/sbin/sshd -t -f /etc/ssh/sshd_config_ctrssh
echo OK
